===== 2026-09-15 01:49:17 =====
Para: sebaxtian.larahome@hotmail.com
De: MagisCode <no-responder@magiscode.com>
Asunto: Ya tienes un usuario en MagisCode

Hola sebitas vargas,

Ya tienes un usuario creado en la plataforma MagisCode. Estos son tus datos de acceso:

Usuario: sebvar154
Contraseña temporal: sebas123

Por seguridad, ingresa y cambia esta contraseña desde el menú Configuración la primera vez que inicies sesión.

Si no reconoces esta solicitud, comunícate con el administrador de la plataforma.

Equipo MagisCode

===== 2026-09-16 17:07:53 =====
Nuevo usuario creado (Aprendiz)
Para: sebaxtian.larahome@gmail.com
Usuario: yolroj222
Contraseña temporal: 5b1acd16
Nombre: Yolanda Rojas

===== 2026-09-16 17:07:53 =====
Para: sebaxtian.larahome@gmail.com
De: MagisCode <no-responder@magiscode.com>
Asunto: Ya tienes un usuario en MagisCode

Hola Yolanda Rojas,

Ya tienes un usuario creado en la plataforma MagisCode. Estos son tus datos de acceso:

Usuario: yolroj222
Contraseña temporal: 5b1acd16

Por seguridad, ingresa y cambia esta contraseña desde el menú Configuración la primera vez que inicies sesión.

Si no reconoces esta solicitud, comunícate con el administrador de la plataforma.

Equipo MagisCode

